Release 14.7 - xst P.20131013 (lin64)
Copyright (c) 1995-2013 Xilinx, Inc.  All rights reserved.
--> 
Parameter TMPDIR set to xst/projnav.tmp


Total REAL time to Xst completion: 0.00 secs
Total CPU time to Xst completion: 0.06 secs
 
--> 
Parameter xsthdpdir set to xst


Total REAL time to Xst completion: 0.00 secs
Total CPU time to Xst completion: 0.06 secs
 
--> 
Reading design: cpu_top.prj

TABLE OF CONTENTS
  1) Synthesis Options Summary
  2) HDL Compilation
  3) Design Hierarchy Analysis
  4) HDL Analysis
  5) HDL Synthesis
     5.1) HDL Synthesis Report
  6) Advanced HDL Synthesis
     6.1) Advanced HDL Synthesis Report
  7) Low Level Synthesis
  8) Partition Report
  9) Final Report
	9.1) Device utilization summary
	9.2) Partition Resource Summary
	9.3) TIMING REPORT


=========================================================================
*                      Synthesis Options Summary                        *
=========================================================================
---- Source Parameters
Input File Name                    : "cpu_top.prj"
Input Format                       : mixed
Ignore Synthesis Constraint File   : NO

---- Target Parameters
Output File Name                   : "cpu_top"
Output Format                      : NGC
Target Device                      : xc3s1200e-4-fg320

---- Source Options
Top Module Name                    : cpu_top
Automatic FSM Extraction           : YES
FSM Encoding Algorithm             : Auto
Safe Implementation                : No
FSM Style                          : LUT
RAM Extraction                     : Yes
RAM Style                          : Auto
ROM Extraction                     : Yes
Mux Style                          : Auto
Decoder Extraction                 : YES
Priority Encoder Extraction        : Yes
Shift Register Extraction          : YES
Logical Shifter Extraction         : YES
XOR Collapsing                     : YES
ROM Style                          : Auto
Mux Extraction                     : Yes
Resource Sharing                   : YES
Asynchronous To Synchronous        : NO
Multiplier Style                   : Auto
Automatic Register Balancing       : No

---- Target Options
Add IO Buffers                     : YES
Global Maximum Fanout              : 100000
Add Generic Clock Buffer(BUFG)     : 24
Register Duplication               : YES
Slice Packing                      : YES
Optimize Instantiated Primitives   : NO
Use Clock Enable                   : Yes
Use Synchronous Set                : Yes
Use Synchronous Reset              : Yes
Pack IO Registers into IOBs        : Auto
Equivalent register Removal        : YES

---- General Options
Optimization Goal                  : Speed
Optimization Effort                : 1
Keep Hierarchy                     : No
Netlist Hierarchy                  : As_Optimized
RTL Output                         : Yes
Global Optimization                : AllClockNets
Read Cores                         : YES
Write Timing Constraints           : NO
Cross Clock Analysis               : NO
Hierarchy Separator                : /
Bus Delimiter                      : <>
Case Specifier                     : Maintain
Slice Utilization Ratio            : 100
BRAM Utilization Ratio             : 100
Verilog 2001                       : YES
Auto BRAM Packing                  : NO
Slice Utilization Ratio Delta      : 5

=========================================================================


=========================================================================
*                          HDL Compilation                              *
=========================================================================
Compiling vhdl file "/home/dgideas/VHDL/THU-FPGA-makecomputer/src/cpu/clk.vhd" in Library work.
Architecture behavioral of Entity clk is up to date.
Compiling vhdl file "/home/dgideas/VHDL/THU-FPGA-makecomputer/src/cpu/rstkey.vhd" in Library work.
Architecture behavioral of Entity rstkey is up to date.
Compiling vhdl file "/home/dgideas/VHDL/THU-FPGA-makecomputer/src/cpu/clkkey.vhd" in Library work.
Architecture behavioral of Entity clkkey is up to date.
Compiling vhdl file "/home/dgideas/VHDL/THU-FPGA-makecomputer/src/cpu/led.vhd" in Library work.
Architecture behavioral of Entity led is up to date.
Compiling vhdl file "/home/dgideas/VHDL/THU-FPGA-makecomputer/src/cpu/mcmgmt.vhd" in Library work.
Architecture behavioral of Entity mcmgmt is up to date.
Compiling vhdl file "/home/dgideas/VHDL/THU-FPGA-makecomputer/src/cpu/cpu_top.vhd" in Library work.
Entity <cpu_top> compiled.
Entity <cpu_top> (Architecture <behavioral>) compiled.

=========================================================================
*                     Design Hierarchy Analysis                         *
=========================================================================
Analyzing hierarchy for entity <cpu_top> in library <work> (architecture <behavioral>).

Analyzing hierarchy for entity <clk> in library <work> (architecture <behavioral>).

Analyzing hierarchy for entity <rstkey> in library <work> (architecture <behavioral>).

Analyzing hierarchy for entity <clkkey> in library <work> (architecture <behavioral>).

Analyzing hierarchy for entity <led> in library <work> (architecture <behavioral>).

Analyzing hierarchy for entity <mcmgmt> in library <work> (architecture <behavioral>).


=========================================================================
*                            HDL Analysis                               *
=========================================================================
Analyzing Entity <cpu_top> in library <work> (Architecture <behavioral>).
WARNING:Xst:753 - "/home/dgideas/VHDL/THU-FPGA-makecomputer/src/cpu/cpu_top.vhd" line 101: Unconnected output port 'mcmgmt_odata' of component 'mcmgmt'.
Entity <cpu_top> analyzed. Unit <cpu_top> generated.

Analyzing Entity <clk> in library <work> (Architecture <behavioral>).
Entity <clk> analyzed. Unit <clk> generated.

Analyzing Entity <rstkey> in library <work> (Architecture <behavioral>).
Entity <rstkey> analyzed. Unit <rstkey> generated.

Analyzing Entity <clkkey> in library <work> (Architecture <behavioral>).
Entity <clkkey> analyzed. Unit <clkkey> generated.

Analyzing Entity <led> in library <work> (Architecture <behavioral>).
Entity <led> analyzed. Unit <led> generated.

Analyzing Entity <mcmgmt> in library <work> (Architecture <behavioral>).
Entity <mcmgmt> analyzed. Unit <mcmgmt> generated.


=========================================================================
*                           HDL Synthesis                               *
=========================================================================

Performing bidirectional port resolution...

Synthesizing Unit <clk>.
    Related source file is "/home/dgideas/VHDL/THU-FPGA-makecomputer/src/cpu/clk.vhd".
Unit <clk> synthesized.


Synthesizing Unit <rstkey>.
    Related source file is "/home/dgideas/VHDL/THU-FPGA-makecomputer/src/cpu/rstkey.vhd".
Unit <rstkey> synthesized.


Synthesizing Unit <clkkey>.
    Related source file is "/home/dgideas/VHDL/THU-FPGA-makecomputer/src/cpu/clkkey.vhd".
Unit <clkkey> synthesized.


Synthesizing Unit <led>.
    Related source file is "/home/dgideas/VHDL/THU-FPGA-makecomputer/src/cpu/led.vhd".
Unit <led> synthesized.


Synthesizing Unit <mcmgmt>.
    Related source file is "/home/dgideas/VHDL/THU-FPGA-makecomputer/src/cpu/mcmgmt.vhd".
WARNING:Xst:1305 - Output <mcmgmt_port_mem1_en> is never assigned. Tied to value 0.
WARNING:Xst:647 - Input <mcmgmt_addr> is never used. This port will be preserved and left unconnected if it belongs to a top-level block or it belongs to a sub-block and the hierarchy of this sub-block is preserved.
WARNING:Xst:1305 - Output <mcmgmt_free> is never assigned. Tied to value 0.
WARNING:Xst:1305 - Output <mcmgmt_port_mem1_addr> is never assigned. Tied to value 000000000000000000.
WARNING:Xst:647 - Input <mcmgmt_idata> is never used. This port will be preserved and left unconnected if it belongs to a top-level block or it belongs to a sub-block and the hierarchy of this sub-block is preserved.
WARNING:Xst:647 - Input <mcmgmt_byte_select> is never used. This port will be preserved and left unconnected if it belongs to a top-level block or it belongs to a sub-block and the hierarchy of this sub-block is preserved.
WARNING:Xst:1305 - Output <mcmgmt_port_mem1_oe> is never assigned. Tied to value 0.
WARNING:Xst:647 - Input <mcmgmt_rw> is never used. This port will be preserved and left unconnected if it belongs to a top-level block or it belongs to a sub-block and the hierarchy of this sub-block is preserved.
WARNING:Xst:2563 - Inout <mcmgmt_port_mem1_data<10>> is never assigned. Tied to value Z.
WARNING:Xst:1305 - Output <mcmgmt_port_mem1_we> is never assigned. Tied to value 0.
WARNING:Xst:2563 - Inout <mcmgmt_port_mem1_data<11>> is never assigned. Tied to value Z.
WARNING:Xst:2563 - Inout <mcmgmt_port_mem1_data<12>> is never assigned. Tied to value Z.
WARNING:Xst:2563 - Inout <mcmgmt_port_mem1_data<13>> is never assigned. Tied to value Z.
WARNING:Xst:2563 - Inout <mcmgmt_port_mem1_data<14>> is never assigned. Tied to value Z.
WARNING:Xst:647 - Input <mcmgmt_port_clk> is never used. This port will be preserved and left unconnected if it belongs to a top-level block or it belongs to a sub-block and the hierarchy of this sub-block is preserved.
WARNING:Xst:2563 - Inout <mcmgmt_port_mem1_data<15>> is never assigned. Tied to value Z.
WARNING:Xst:1305 - Output <mcmgmt_odata> is never assigned. Tied to value 0000000000000000.
WARNING:Xst:2563 - Inout <mcmgmt_port_mem1_data<0>> is never assigned. Tied to value Z.
WARNING:Xst:2563 - Inout <mcmgmt_port_mem1_data<1>> is never assigned. Tied to value Z.
WARNING:Xst:2563 - Inout <mcmgmt_port_mem1_data<2>> is never assigned. Tied to value Z.
WARNING:Xst:2563 - Inout <mcmgmt_port_mem1_data<3>> is never assigned. Tied to value Z.
WARNING:Xst:2563 - Inout <mcmgmt_port_mem1_data<4>> is never assigned. Tied to value Z.
WARNING:Xst:2563 - Inout <mcmgmt_port_mem1_data<5>> is never assigned. Tied to value Z.
WARNING:Xst:2563 - Inout <mcmgmt_port_mem1_data<6>> is never assigned. Tied to value Z.
WARNING:Xst:2563 - Inout <mcmgmt_port_mem1_data<7>> is never assigned. Tied to value Z.
WARNING:Xst:2563 - Inout <mcmgmt_port_mem1_data<8>> is never assigned. Tied to value Z.
WARNING:Xst:647 - Input <mcmgmt_by_byte> is never used. This port will be preserved and left unconnected if it belongs to a top-level block or it belongs to a sub-block and the hierarchy of this sub-block is preserved.
WARNING:Xst:2563 - Inout <mcmgmt_port_mem1_data<9>> is never assigned. Tied to value Z.
WARNING:Xst:646 - Signal <mcmgmt_status> is assigned but never used. This unconnected signal will be trimmed during the optimization process.
    Found 1-bit tristate buffer for signal <mcmgmt_port_mem1_data<15>>.
    Found 1-bit tristate buffer for signal <mcmgmt_port_mem1_data<14>>.
    Found 1-bit tristate buffer for signal <mcmgmt_port_mem1_data<13>>.
    Found 1-bit tristate buffer for signal <mcmgmt_port_mem1_data<12>>.
    Found 1-bit tristate buffer for signal <mcmgmt_port_mem1_data<11>>.
    Found 1-bit tristate buffer for signal <mcmgmt_port_mem1_data<10>>.
    Found 1-bit tristate buffer for signal <mcmgmt_port_mem1_data<9>>.
    Found 1-bit tristate buffer for signal <mcmgmt_port_mem1_data<8>>.
    Found 1-bit tristate buffer for signal <mcmgmt_port_mem1_data<7>>.
    Found 1-bit tristate buffer for signal <mcmgmt_port_mem1_data<6>>.
    Found 1-bit tristate buffer for signal <mcmgmt_port_mem1_data<5>>.
    Found 1-bit tristate buffer for signal <mcmgmt_port_mem1_data<4>>.
    Found 1-bit tristate buffer for signal <mcmgmt_port_mem1_data<3>>.
    Found 1-bit tristate buffer for signal <mcmgmt_port_mem1_data<2>>.
    Found 1-bit tristate buffer for signal <mcmgmt_port_mem1_data<1>>.
    Found 1-bit tristate buffer for signal <mcmgmt_port_mem1_data<0>>.
    Summary:
	inferred  16 Tristate(s).
Unit <mcmgmt> synthesized.


Synthesizing Unit <cpu_top>.
    Related source file is "/home/dgideas/VHDL/THU-FPGA-makecomputer/src/cpu/cpu_top.vhd".
WARNING:Xst:646 - Signal <internel_rst> is assigned but never used. This unconnected signal will be trimmed during the optimization process.
WARNING:Xst:646 - Signal <internel_mcmgmt_free> is assigned but never used. This unconnected signal will be trimmed during the optimization process.
WARNING:Xst:1780 - Signal <internel_mcmgmt_data> is never used or assigned. This unconnected signal will be trimmed during the optimization process.
WARNING:Xst:646 - Signal <internel_clk_singlestep> is assigned but never used. This unconnected signal will be trimmed during the optimization process.
Unit <cpu_top> synthesized.

WARNING:Xst:524 - All outputs of the instance <rst1> of the block <rstkey> are unconnected in block <cpu_top>.
   This instance will be removed from the design along with all underlying logic
WARNING:Xst:524 - All outputs of the instance <clkkey1> of the block <clkkey> are unconnected in block <cpu_top>.
   This instance will be removed from the design along with all underlying logic

=========================================================================
HDL Synthesis Report

Macro Statistics
# Tristates                                            : 16
 1-bit tristate buffer                                 : 16

=========================================================================

=========================================================================
*                       Advanced HDL Synthesis                          *
=========================================================================

WARNING:Xst:1290 - Hierarchical block <clk1> is unconnected in block <cpu_top>.
   It will be removed from the design.

=========================================================================
Advanced HDL Synthesis Report

Found no macro
=========================================================================

=========================================================================
*                         Low Level Synthesis                           *
=========================================================================

Optimizing unit <cpu_top> ...

Mapping all equations...
Building and optimizing final netlist ...
Found area constraint ratio of 100 (+ 5) on block cpu_top, actual ratio is 0.

Final Macro Processing ...

=========================================================================
Final Register Report

Found no macro
=========================================================================

=========================================================================
*                           Partition Report                            *
=========================================================================

Partition Implementation Status
-------------------------------

  No Partitions were found in this design.

-------------------------------

=========================================================================
*                            Final Report                               *
=========================================================================
Final Results
RTL Top Level Output File Name     : cpu_top.ngr
Top Level Output File Name         : cpu_top
Output Format                      : NGC
Optimization Goal                  : Speed
Keep Hierarchy                     : No

Design Statistics
# IOs                              : 56

Cell Usage :
# BELS                             : 2
#      GND                         : 1
#      VCC                         : 1
# IO Buffers                       : 53
#      OBUF                        : 37
#      OBUFT                       : 16
=========================================================================

Device utilization summary:
---------------------------

Selected Device : 3s1200efg320-4 

 Number of Slices:                        0  out of   8672     0%  
 Number of IOs:                          56
 Number of bonded IOBs:                  53  out of    250    21%  

---------------------------
Partition Resource Summary:
---------------------------

  No Partitions were found in this design.

---------------------------


=========================================================================
TIMING REPORT

NOTE: THESE TIMING NUMBERS ARE ONLY A SYNTHESIS ESTIMATE.
      FOR ACCURATE TIMING INFORMATION PLEASE REFER TO THE TRACE REPORT
      GENERATED AFTER PLACE-and-ROUTE.

Clock Information:
------------------
No clock signals found in this design

Asynchronous Control Signals Information:
----------------------------------------
No asynchronous control signals found in this design

Timing Summary:
---------------
Speed Grade: -4

   Minimum period: No path found
   Minimum input arrival time before clock: No path found
   Maximum output required time after clock: No path found
   Maximum combinational path delay: No path found

Timing Detail:
--------------
All values displayed in nanoseconds (ns)

=========================================================================


Total REAL time to Xst completion: 5.00 secs
Total CPU time to Xst completion: 4.74 secs
 
--> 


Total memory usage is 526400 kilobytes

Number of errors   :    0 (   0 filtered)
Number of warnings :   37 (   0 filtered)
Number of infos    :    0 (   0 filtered)

