EN clkkey NULL /home/dgideas/VHDL/THU-FPGA-makecomputer/src/cpu/clkkey.vhd sub00/vhpl04 1494815100
EN led NULL /home/dgideas/VHDL/THU-FPGA-makecomputer/src/cpu/led.vhd sub00/vhpl08 1494815104
EN clk NULL /home/dgideas/VHDL/THU-FPGA-makecomputer/src/cpu/clk.vhd sub00/vhpl00 1494815096
EN cpu_top NULL /home/dgideas/VHDL/THU-FPGA-makecomputer/src/cpu/cpu_top.vhd sub00/vhpl12 1494815108
AR rstkey behavioral /home/dgideas/VHDL/THU-FPGA-makecomputer/src/cpu/rstkey.vhd sub00/vhpl03 1494815099
AR cpu_top behavioral /home/dgideas/VHDL/THU-FPGA-makecomputer/src/cpu/cpu_top.vhd sub00/vhpl13 1494815109
AR clk behavioral /home/dgideas/VHDL/THU-FPGA-makecomputer/src/cpu/clk.vhd sub00/vhpl01 1494815097
EN rstkey NULL /home/dgideas/VHDL/THU-FPGA-makecomputer/src/cpu/rstkey.vhd sub00/vhpl02 1494815098
AR mcmgmt behavioral /home/dgideas/VHDL/THU-FPGA-makecomputer/src/cpu/mcmgmt.vhd sub00/vhpl11 1494815107
AR switch behavioral /home/dgideas/VHDL/THU-FPGA-makecomputer/src/cpu/switch.vhd sub00/vhpl07 1494815103
EN switch NULL /home/dgideas/VHDL/THU-FPGA-makecomputer/src/cpu/switch.vhd sub00/vhpl06 1494815102
AR clkkey behavioral /home/dgideas/VHDL/THU-FPGA-makecomputer/src/cpu/clkkey.vhd sub00/vhpl05 1494815101
AR led behavioral /home/dgideas/VHDL/THU-FPGA-makecomputer/src/cpu/led.vhd sub00/vhpl09 1494815105
EN mcmgmt NULL /home/dgideas/VHDL/THU-FPGA-makecomputer/src/cpu/mcmgmt.vhd sub00/vhpl10 1494815106
