EN clkkey NULL /home/dgideas/VHDL/THU-FPGA-makecomputer/src/cpu/clkkey.vhd sub00/vhpl04 1495322225
EN led NULL /home/dgideas/VHDL/THU-FPGA-makecomputer/src/cpu/led.vhd sub00/vhpl08 1495322229
EN clk NULL /home/dgideas/VHDL/THU-FPGA-makecomputer/src/cpu/clk.vhd sub00/vhpl00 1495322221
EN cpu_top NULL /home/dgideas/VHDL/THU-FPGA-makecomputer/src/cpu/cpu_top.vhd sub00/vhpl12 1495322233
AR rstkey behavioral /home/dgideas/VHDL/THU-FPGA-makecomputer/src/cpu/rstkey.vhd sub00/vhpl03 1495322224
AR cpu_top behavioral /home/dgideas/VHDL/THU-FPGA-makecomputer/src/cpu/cpu_top.vhd sub00/vhpl13 1495322234
AR clk behavioral /home/dgideas/VHDL/THU-FPGA-makecomputer/src/cpu/clk.vhd sub00/vhpl01 1495322222
EN rstkey NULL /home/dgideas/VHDL/THU-FPGA-makecomputer/src/cpu/rstkey.vhd sub00/vhpl02 1495322223
AR mcmgmt behavioral /home/dgideas/VHDL/THU-FPGA-makecomputer/src/cpu/mcmgmt.vhd sub00/vhpl11 1495322232
AR switch behavioral /home/dgideas/VHDL/THU-FPGA-makecomputer/src/cpu/switch.vhd sub00/vhpl07 1495322228
EN switch NULL /home/dgideas/VHDL/THU-FPGA-makecomputer/src/cpu/switch.vhd sub00/vhpl06 1495322227
AR clkkey behavioral /home/dgideas/VHDL/THU-FPGA-makecomputer/src/cpu/clkkey.vhd sub00/vhpl05 1495322226
AR led behavioral /home/dgideas/VHDL/THU-FPGA-makecomputer/src/cpu/led.vhd sub00/vhpl09 1495322230
EN mcmgmt NULL /home/dgideas/VHDL/THU-FPGA-makecomputer/src/cpu/mcmgmt.vhd sub00/vhpl10 1495322231
