EN mux_reg1 NULL F:/THU-FPGA-makecomputer/src/cpu1/mux_reg1.vhd sub00/vhpl18 1495442310
EN mux_reg2 NULL F:/THU-FPGA-makecomputer/src/cpu1/mux_reg2.vhd sub00/vhpl20 1495442312
AR add_pc behavioral F:/THU-FPGA-makecomputer/src/cpu1/add_pc.vhd sub00/vhpl27 1495442301
AR id_ex_segment_regfile behavioral F:/THU-FPGA-makecomputer/src/cpu1/id_ex_segment_regfile.vhd sub00/vhpl37 1495442321
EN clkkey NULL F:/THU-FPGA-makecomputer/src/cpu1/clkkey.vhd sub00/vhpl04 1495442294
EN led NULL F:/THU-FPGA-makecomputer/src/cpu1/led.vhd sub00/vhpl08 1495434244
EN mux_result NULL F:/THU-FPGA-makecomputer/src/cpu1/mux_result.vhd sub00/vhpl22 1495442314
EN regfile NULL F:/THU-FPGA-makecomputer/src/cpu1/regfile.vhd sub00/vhpl32 1495442308
EN clk NULL F:/THU-FPGA-makecomputer/src/cpu1/clk.vhd sub00/vhpl00 1495436147
EN mux_pc NULL F:/THU-FPGA-makecomputer/src/cpu1/mux_pc.vhd sub00/vhpl28 1495442304
EN ex_mem_segment_regfile NULL F:/THU-FPGA-makecomputer/src/cpu1/ex_mem_segment_regfile.vhd sub00/vhpl40 1495442322
AR mux_reg2 behavioral F:/THU-FPGA-makecomputer/src/cpu1/mux_reg2.vhd sub00/vhpl21 1495442313
EN cpu_top NULL F:/THU-FPGA-makecomputer/src/cpu1/cpu_top.vhd sub00/vhpl12 1495442326
AR rstkey behavioral F:/THU-FPGA-makecomputer/src/cpu1/rstkey.vhd sub00/vhpl03 1495436150
AR mem_we_segment_regfile behavioral F:/THU-FPGA-makecomputer/src/cpu1/mem_wb_segment_regfile.vhd sub00/vhpl39 1495442325
AR cpu_top behavioral F:/THU-FPGA-makecomputer/src/cpu1/cpu_top.vhd sub00/vhpl13 1495442327
EN if_id_segment_regfile NULL F:/THU-FPGA-makecomputer/src/cpu1/if_id_segment_regfile.vhd sub00/vhpl34 1495442318
EN mux_wb NULL F:/THU-FPGA-makecomputer/src/cpu1/mux_wb.vhd sub00/vhpl30 1495442306
EN pc NULL F:/THU-FPGA-makecomputer/src/cpu1/pc.vhd sub00/vhpl16 1495442302
AR clk behavioral F:/THU-FPGA-makecomputer/src/cpu1/clk.vhd sub00/vhpl01 1495436148
AR decoder behavioral F:/THU-FPGA-makecomputer/src/cpu1/decoder.vhd sub00/vhpl25 1495442317
AR mux_wb behavioral F:/THU-FPGA-makecomputer/src/cpu1/mux_wb.vhd sub00/vhpl31 1495442307
EN rstkey NULL F:/THU-FPGA-makecomputer/src/cpu1/rstkey.vhd sub00/vhpl02 1495436149
AR mcmgmt behavioral F:/THU-FPGA-makecomputer/src/cpu/mcmgmt.vhd sub00/vhpl11 1495430913
AR switch behavioral F:/THU-FPGA-makecomputer/src/cpu1/switch.vhd sub00/vhpl07 1495442297
EN switch NULL F:/THU-FPGA-makecomputer/src/cpu1/switch.vhd sub00/vhpl06 1495442296
AR if_id_segment_regfile behavioral F:/THU-FPGA-makecomputer/src/cpu1/if_id_segment_regfile.vhd sub00/vhpl35 1495442319
AR mux_pc behavioral F:/THU-FPGA-makecomputer/src/cpu1/mux_pc.vhd sub00/vhpl29 1495442305
AR ex_mem_segment_regfile behavioral F:/THU-FPGA-makecomputer/src/cpu1/ex_mem_segment_regfile.vhd sub00/vhpl41 1495442323
AR mux_result behavioral F:/THU-FPGA-makecomputer/src/cpu1/mux_result.vhd sub00/vhpl23 1495442315
EN mem_we_segment_regfile NULL F:/THU-FPGA-makecomputer/src/cpu1/mem_wb_segment_regfile.vhd sub00/vhpl38 1495442324
AR clkkey behavioral F:/THU-FPGA-makecomputer/src/cpu1/clkkey.vhd sub00/vhpl05 1495442295
AR led behavioral F:/THU-FPGA-makecomputer/src/cpu1/led.vhd sub00/vhpl09 1495434245
AR mux_reg1 behavioral F:/THU-FPGA-makecomputer/src/cpu1/mux_reg1.vhd sub00/vhpl19 1495442311
AR alu behavioral F:/THU-FPGA-makecomputer/src/cpu1/alu.vhd sub00/vhpl15 1495442299
EN mcmgmt NULL F:/THU-FPGA-makecomputer/src/cpu/mcmgmt.vhd sub00/vhpl10 1495430912
EN decoder NULL F:/THU-FPGA-makecomputer/src/cpu1/decoder.vhd sub00/vhpl24 1495442316
AR pc behavioral F:/THU-FPGA-makecomputer/src/cpu1/pc.vhd sub00/vhpl17 1495442303
EN id_ex_segment_regfile NULL F:/THU-FPGA-makecomputer/src/cpu1/id_ex_segment_regfile.vhd sub00/vhpl36 1495442320
EN add_pc NULL F:/THU-FPGA-makecomputer/src/cpu1/add_pc.vhd sub00/vhpl26 1495442300
AR regfile behavioral F:/THU-FPGA-makecomputer/src/cpu1/regfile.vhd sub00/vhpl33 1495442309
EN alu NULL F:/THU-FPGA-makecomputer/src/cpu1/alu.vhd sub00/vhpl14 1495442298
