V3 27
FL /home/dgideas/VHDL/THU-FPGA-makecomputer/src/cpu/clk.vhd 2017/05/14.21:03:39 P.20131013
EN work/clk 1494815096 \
      FL /home/dgideas/VHDL/THU-FPGA-makecomputer/src/cpu/clk.vhd \
      PB ieee/std_logic_1164 1381692176 PB ieee/std_logic_arith 1381692177 \
      PB ieee/STD_LOGIC_UNSIGNED 1381692179
AR work/clk/Behavioral 1494815097 \
      FL /home/dgideas/VHDL/THU-FPGA-makecomputer/src/cpu/clk.vhd EN work/clk 1494815096
FL /home/dgideas/VHDL/THU-FPGA-makecomputer/src/cpu/clkkey.vhd 2017/05/14.21:19:41 P.20131013
EN work/clkkey 1494815100 \
      FL /home/dgideas/VHDL/THU-FPGA-makecomputer/src/cpu/clkkey.vhd \
      PB ieee/std_logic_1164 1381692176 PB ieee/std_logic_arith 1381692177 \
      PB ieee/STD_LOGIC_UNSIGNED 1381692179
AR work/clkkey/Behavioral 1494815101 \
      FL /home/dgideas/VHDL/THU-FPGA-makecomputer/src/cpu/clkkey.vhd \
      EN work/clkkey 1494815100
FL /home/dgideas/VHDL/THU-FPGA-makecomputer/src/cpu/cpu_top.vhd 2017/05/15.10:24:29 P.20131013
EN work/cpu_top 1494815108 \
      FL /home/dgideas/VHDL/THU-FPGA-makecomputer/src/cpu/cpu_top.vhd \
      PB ieee/std_logic_1164 1381692176 PB ieee/std_logic_arith 1381692177 \
      PB ieee/STD_LOGIC_UNSIGNED 1381692179
AR work/cpu_top/Behavioral 1494815109 \
      FL /home/dgideas/VHDL/THU-FPGA-makecomputer/src/cpu/cpu_top.vhd \
      EN work/cpu_top 1494815108 CP clk CP rstkey CP clkkey CP switch CP led CP mcmgmt
FL /home/dgideas/VHDL/THU-FPGA-makecomputer/src/cpu/led.vhd 2017/05/15.09:41:12 P.20131013
EN work/led 1494815104 \
      FL /home/dgideas/VHDL/THU-FPGA-makecomputer/src/cpu/led.vhd \
      PB ieee/std_logic_1164 1381692176 PB ieee/std_logic_arith 1381692177 \
      PB ieee/STD_LOGIC_UNSIGNED 1381692179
AR work/led/Behavioral 1494815105 \
      FL /home/dgideas/VHDL/THU-FPGA-makecomputer/src/cpu/led.vhd EN work/led 1494815104
FL /home/dgideas/VHDL/THU-FPGA-makecomputer/src/cpu/mcmgmt.vhd 2017/05/15.10:24:47 P.20131013
EN work/mcmgmt 1494815106 \
      FL /home/dgideas/VHDL/THU-FPGA-makecomputer/src/cpu/mcmgmt.vhd \
      PB ieee/std_logic_1164 1381692176 PB ieee/std_logic_arith 1381692177 \
      PB ieee/STD_LOGIC_UNSIGNED 1381692179
AR work/mcmgmt/Behavioral 1494815107 \
      FL /home/dgideas/VHDL/THU-FPGA-makecomputer/src/cpu/mcmgmt.vhd \
      EN work/mcmgmt 1494815106
FL /home/dgideas/VHDL/THU-FPGA-makecomputer/src/cpu/rstkey.vhd 2017/05/14.21:15:41 P.20131013
EN work/rstkey 1494815098 \
      FL /home/dgideas/VHDL/THU-FPGA-makecomputer/src/cpu/rstkey.vhd \
      PB ieee/std_logic_1164 1381692176 PB ieee/std_logic_arith 1381692177 \
      PB ieee/STD_LOGIC_UNSIGNED 1381692179
AR work/rstkey/Behavioral 1494815099 \
      FL /home/dgideas/VHDL/THU-FPGA-makecomputer/src/cpu/rstkey.vhd \
      EN work/rstkey 1494815098
FL /home/dgideas/VHDL/THU-FPGA-makecomputer/src/cpu/switch.vhd 2017/05/15.09:28:45 P.20131013
EN work/switch 1494815102 \
      FL /home/dgideas/VHDL/THU-FPGA-makecomputer/src/cpu/switch.vhd \
      PB ieee/std_logic_1164 1381692176 PB ieee/std_logic_arith 1381692177 \
      PB ieee/STD_LOGIC_UNSIGNED 1381692179
AR work/switch/Behavioral 1494815103 \
      FL /home/dgideas/VHDL/THU-FPGA-makecomputer/src/cpu/switch.vhd \
      EN work/switch 1494815102
