V3 15
FL /home/dgideas/VHDL/THU-FPGA-makecomputer/src/cpu/clk.vhd 2017/05/14.21:03:39 P.20131013
EN work/clk 1494767231 \
      FL /home/dgideas/VHDL/THU-FPGA-makecomputer/src/cpu/clk.vhd \
      PB ieee/std_logic_1164 1381692176 PB ieee/std_logic_arith 1381692177 \
      PB ieee/STD_LOGIC_UNSIGNED 1381692179
AR work/clk/Behavioral 1494767232 \
      FL /home/dgideas/VHDL/THU-FPGA-makecomputer/src/cpu/clk.vhd EN work/clk 1494767231
FL /home/dgideas/VHDL/THU-FPGA-makecomputer/src/cpu/cpu_top.vhd 2017/05/14.21:07:04 P.20131013
EN work/cpu_top 1494767235 \
      FL /home/dgideas/VHDL/THU-FPGA-makecomputer/src/cpu/cpu_top.vhd \
      PB ieee/std_logic_1164 1381692176 PB ieee/std_logic_arith 1381692177 \
      PB ieee/STD_LOGIC_UNSIGNED 1381692179
AR work/cpu_top/Behavioral 1494767236 \
      FL /home/dgideas/VHDL/THU-FPGA-makecomputer/src/cpu/cpu_top.vhd \
      EN work/cpu_top 1494767235 CP clk CP led
FL /home/dgideas/VHDL/THU-FPGA-makecomputer/src/cpu/led.vhd 2017/05/14.21:00:51 P.20131013
EN work/led 1494767233 \
      FL /home/dgideas/VHDL/THU-FPGA-makecomputer/src/cpu/led.vhd \
      PB ieee/std_logic_1164 1381692176 PB ieee/std_logic_arith 1381692177 \
      PB ieee/STD_LOGIC_UNSIGNED 1381692179
AR work/led/Behavioral 1494767234 \
      FL /home/dgideas/VHDL/THU-FPGA-makecomputer/src/cpu/led.vhd EN work/led 1494767233
FL /home/dgideas/VHDL/THU-FPGA-makecomputer/src/cpu/mcmgmt.vhd 2017/05/14.20:53:35 P.20131013
EN work/mcmgmt 1494767202 \
      FL /home/dgideas/VHDL/THU-FPGA-makecomputer/src/cpu/mcmgmt.vhd \
      PB ieee/std_logic_1164 1381692176 PB ieee/std_logic_arith 1381692177 \
      PB ieee/STD_LOGIC_UNSIGNED 1381692179
AR work/mcmgmt/Behavioral 1494767203 \
      FL /home/dgideas/VHDL/THU-FPGA-makecomputer/src/cpu/mcmgmt.vhd \
      EN work/mcmgmt 1494767202
